{"0":{"NF024":0.0},"disqualified bid":{"NF036":1.0}}
