{"OCID":{},"Buyer":{"B":{"NF038":0.5}},"ProcuringEntity":{"P":{"NF038":0.5}}}
