{"1":{"NF035":1.0},"2":{"NF035":2.0},"repeat":{"NF035":1.0},"ignore":{"NF035":1.0}}
