{"1":{"NF036":1.0},"invited":{"NF036":1.0},"withdrawn":{"NF036":1.0}}
