{"OCID":{"0":{"R024":0.0}},"Tenderer":{"L":{"R024":0.0},"W":{"R024":0.0}}}
