{"OCID":{"1":{"R035":1.0},"2":{"R035":2.0},"repeat":{"R035":1.0},"accept":{"R035":1.0}}}
