{"Tenderer":{"W":{"R038":0.0}},"Buyer":{"B":{"R038":0.5}},"ProcuringEntity":{"P":{"R038":0.5}}}

